// Jest Snapshot v1, https://goo.gl/fbAQLP

exports[`widgets/TextBasedWidgets/LabelTextWidget should render correctly 1`] = `
<DocumentFragment>
  <div
    aria-describedby="020.widget-1-description"
    aria-label=""
    class="widget-container widget-selecto-target  css-1eee8vp"
    data-testid="widgetbase-020.widget-1"
    id="020.widget-1"
    style="display: block; position: absolute; top: 0px; left: 0px; width: 100px; height: 37.5px; transform: rotate(0deg); z-index: 0; cursor: move;"
    tabindex="-1"
  >
    <p
      class="chakra-text css-z2mbuv"
      id="labeltext-020.widget-1"
    >
      50%
    </p>
    <span
      class="css-f8n5zr"
    >
      <p
        class="chakra-text css-0"
        id="020.widget-1-description"
      />
    </span>
  </div>
  <span
    hidden=""
    id="__chakra_env"
  />
</DocumentFragment>
`;
